summary_id,type,mean,standard_deviation
1,1,235819.239000,594470.163407
1,2,230784.914008,591912.835002
