summary_id,type,mean,standard_deviation,exposure_value
1,1,2774344.000000,6993766.642770,40000000.000000
1,2,2717543.865102,6871061.360175,40000000.000000
