summary_id,type,mean,standard_deviation,exposure_value
1,1,775603.208781,2042657.542216,11850000.000000
1,2,759730.478899,2006001.575290,11850000.000000
