summary_id,type,mean,standard_deviation,exposure_value
1,1,235819.239312,594470.165523,3400000.000000
1,2,230784.914065,591912.836562,3400000.000000
