summary_id,type,mean,standard_deviation
1,1,235819.239625,594470.164081
1,2,229776.396566,589498.732048
