summary_id,type,mean,standard_deviation,exposure_value
1,1,28043.525066,132471.904689,841597.125000
1,2,30815.368905,128635.783568,841597.250000
