output,agg_id,layer_id
1,1,1
2,1,1
3,2,1
4,2,1
5,3,1
6,3,1
7,4,1
8,4,1
9,5,1
10,5,1
11,6,1
12,6,1
13,7,1
14,7,1
15,8,1
16,8,1
17,9,1
18,9,1
19,10,1
20,10,1
21,11,1
22,11,1
23,12,1
24,12,1
25,13,1
26,13,1
27,14,1
28,14,1
29,15,1
30,15,1
31,16,1
32,16,1
33,17,1
34,17,1
35,18,1
36,18,1
37,19,1
38,19,1
39,20,1
40,20,1
