Warning: Unknown options(s) set in MDK config:
   gulpy : True
   model_data_dir : model_data/PiWind
   analysis_settings_json : analysis_settings.json
   ktools_alloc_rule_gul : 1
   modelpy : True

Stating oasislmf command - GenerateOasisFiles
RUNNING: oasislmf.manager.interface

Processing arguments - Creating Oasis Files

Generating Oasis files (GUL=True, IL=True, RIL=True)
RUNNING: oasislmf.lookup.factory.generate_key_files
COMPLETED: oasislmf.lookup.factory.generate_key_files in 0.17s

Keys successful: /tmp/tmp8ezwd2jx/keys.csv generated with 40 items
Keys errors: /tmp/tmp8ezwd2jx/keys-errors.csv generated with 20 items
RUNNING: oasislmf.preparation.gul_inputs.get_gul_input_items
COMPLETED: oasislmf.preparation.gul_inputs.get_gul_input_items in 0.05s
RUNNING: oasislmf.preparation.summaries.write_exposure_summary
RUNNING: oasislmf.preparation.summaries.write_gul_errors_map
RUNNING: oasislmf.preparation.summaries.get_exposure_summary
RUNNING: oasislmf.preparation.summaries.get_exposure_totals
COMPLETED: oasislmf.preparation.summaries.get_exposure_summary in 0.15s
COMPLETED: oasislmf.preparation.summaries.write_exposure_summary in 0.28s
RUNNING: oasislmf.preparation.summaries.write_summary_levels
COMPLETED: oasislmf.preparation.summaries.write_summary_levels in 0.03s
RUNNING: oasislmf.preparation.gul_inputs.write_gul_input_files
RUNNING: oasislmf.preparation.gul_inputs.write_items_file
RUNNING: oasislmf.preparation.gul_inputs.write_coverages_file
COMPLETED: oasislmf.preparation.gul_inputs.write_gul_input_files in 0.05s
RUNNING: oasislmf.preparation.summaries.get_summary_mapping
RUNNING: oasislmf.preparation.summaries.write_mapping_file
RUNNING: oasislmf.preparation.il_inputs.get_il_input_items
COMPLETED: oasislmf.preparation.il_inputs.get_il_input_items in 0.29s
RUNNING: oasislmf.preparation.il_inputs.write_il_input_files
RUNNING: oasislmf.preparation.il_inputs.write_fm_policytc_file
RUNNING: oasislmf.preparation.il_inputs.write_fm_profile_file
RUNNING: oasislmf.preparation.il_inputs.write_fm_programme_file
RUNNING: oasislmf.preparation.il_inputs.write_fm_xref_file
COMPLETED: oasislmf.preparation.il_inputs.write_fm_xref_file in 0.01s
COMPLETED: oasislmf.preparation.il_inputs.write_il_input_files in 0.56s
RUNNING: oasislmf.preparation.summaries.get_summary_mapping
COMPLETED: oasislmf.preparation.summaries.get_summary_mapping in 0.02s
RUNNING: oasislmf.preparation.summaries.write_mapping_file
RUNNING: oasislmf.preparation.reinsurance_layer.write_files_for_reinsurance
COMPLETED: oasislmf.preparation.reinsurance_layer.write_files_for_reinsurance in 0.11s

Oasis files generated: {
    "items": "/tmp/tmp8ezwd2jx/items.csv",
    "coverages": "/tmp/tmp8ezwd2jx/coverages.csv",
    "fm_policytc": "/tmp/tmp8ezwd2jx/fm_policytc.csv",
    "fm_profile": "/tmp/tmp8ezwd2jx/fm_profile.csv",
    "fm_programme": "/tmp/tmp8ezwd2jx/fm_programme.csv",
    "fm_xref": "/tmp/tmp8ezwd2jx/fm_xref.csv",
    "ri_layers": "/tmp/tmp8ezwd2jx/ri_layers.json",
    "RI_1": "/tmp/tmp8ezwd2jx/RI_1"
}

Generate Files completed successfully in /tmp/tmp8ezwd2jx
COMPLETED: oasislmf.manager.interface in 2.47s
/root/.local/lib/python3.10/site-packages/ods_tools/oed.py:81: FutureWarning: In a future version of pandas all arguments of StringMethods.split except for the argument 'pat' will be keyword-only.
  ods_fields_df['pd_dtype'] = ods_fields_df['Data Type'].str.split('(', 1, expand=True)[0].map(pd_converter)
  0%|          | 0/1 [00:00<?, ?it/s]100%|██████████| 1/1 [00:02<00:00,  2.46s/it]100%|██████████| 1/1 [00:02<00:00,  2.46s/it]
