
Stating oasislmf command - GenerateOasisFiles
RUNNING: oasislmf.manager.interface

Processing arguments - Creating Oasis Files

Generating Oasis files (GUL=True, IL=True, RIL=True)
RUNNING: oasislmf.lookup.rtree.get_vulnerabilities
COMPLETED: oasislmf.lookup.rtree.get_vulnerabilities in 0.04s
COMPLETED: oasislmf.lookup.rtree.__init__ in 0.04s
COMPLETED: oasislmf.lookup.rtree.__init__ in 0.04s

Keys successful: /tmp/tmprmpo8z53/keys.csv generated with 40 items
Keys errors: /tmp/tmprmpo8z53/keys-errors.csv generated with 0 items
RUNNING: oasislmf.preparation.gul_inputs.get_gul_input_items
COMPLETED: oasislmf.preparation.gul_inputs.get_gul_input_items in 0.04s
RUNNING: oasislmf.preparation.summaries.write_exposure_summary
RUNNING: oasislmf.preparation.summaries.get_exposure_summary
RUNNING: oasislmf.preparation.summaries.get_exposure_totals
COMPLETED: oasislmf.preparation.summaries.get_exposure_summary in 0.08s
COMPLETED: oasislmf.preparation.summaries.write_exposure_summary in 0.13s
RUNNING: oasislmf.preparation.summaries.write_summary_levels
RUNNING: oasislmf.preparation.gul_inputs.write_gul_input_files
RUNNING: oasislmf.preparation.gul_inputs.write_items_file
RUNNING: oasislmf.preparation.gul_inputs.write_coverages_file
COMPLETED: oasislmf.preparation.gul_inputs.write_gul_input_files in 0.04s
RUNNING: oasislmf.preparation.summaries.get_summary_mapping
RUNNING: oasislmf.preparation.summaries.write_mapping_file
RUNNING: oasislmf.preparation.il_inputs.get_il_input_items
COMPLETED: oasislmf.preparation.il_inputs.get_il_input_items in 0.1s
RUNNING: oasislmf.preparation.il_inputs.write_il_input_files
RUNNING: oasislmf.preparation.il_inputs.write_fm_policytc_file
RUNNING: oasislmf.preparation.il_inputs.write_fm_profile_file
RUNNING: oasislmf.preparation.il_inputs.write_fm_programme_file
RUNNING: oasislmf.preparation.il_inputs.write_fm_xref_file
COMPLETED: oasislmf.preparation.il_inputs.write_il_input_files in 0.13s
RUNNING: oasislmf.preparation.summaries.get_summary_mapping
COMPLETED: oasislmf.preparation.summaries.get_summary_mapping in 0.01s
RUNNING: oasislmf.preparation.summaries.write_mapping_file
RUNNING: oasislmf.preparation.reinsurance_layer.write_files_for_reinsurance
COMPLETED: oasislmf.preparation.reinsurance_layer.write_files_for_reinsurance in 0.09s

Oasis files generated: {
    "items": "/tmp/tmprmpo8z53/items.csv",
    "coverages": "/tmp/tmprmpo8z53/coverages.csv",
    "fm_policytc": "/tmp/tmprmpo8z53/fm_policytc.csv",
    "fm_profile": "/tmp/tmprmpo8z53/fm_profile.csv",
    "fm_programme": "/tmp/tmprmpo8z53/fm_programme.csv",
    "fm_xref": "/tmp/tmprmpo8z53/fm_xref.csv",
    "ri_layers": "/tmp/tmprmpo8z53/ri_layers.json",
    "RI_1": "/tmp/tmprmpo8z53/RI_1"
}

Generate Files completed successfully in /tmp/tmprmpo8z53
COMPLETED: oasislmf.manager.interface in 32.18s
  0%|          | 0/1 [00:00<?, ?it/s]100%|██████████| 1/1 [00:32<00:00, 32.18s/it]100%|██████████| 1/1 [00:32<00:00, 32.18s/it]
