{
    "1": {
        "inuring_priority": 1,
        "risk_level": "LOC",
        "directory": "/tmp/tmp8ezwd2jx/RI_1"
    }
}