summary_id,return_period,loss
1,500.000000,162526.218750
1,250.000000,69005.859375
1,100.000000,0.000000
1,50.000000,0.000000
1,20.000000,0.000000
1,10.000000,0.000000
1,5.000000,0.000000
1,2.000000,0.000000
