ReinsNumber,ReinsLayerNumber,ReinsName,ReinsPeril,ReinsInceptionDate,ReinsExpiryDate,CededPercent,RiskLimit,RiskAttachment,OccLimit,OccAttachment,OccFranchiseDed,OccReverseFranchise,AggLimit,AggAttachment,ReinsCurrency,InuringPriority,ReinsType,AttachmentBasis,Reinstatement,ReinstatementCharge,ReinsPremium,PlacedPercent,DeemedPercentPlaced,ReinsFXrate,TreatyShare,UseReinsDates
1,1,ABC QS,WW1,2018-01-01,2018-12-31,1,0,0,0,0,0,0,0,0,USD,1,SS,LO,99,0,6,1,1,1,1,No
