summary_id,type,mean,standard_deviation
1,1,2774343.989000,6993766.628512
1,2,2732327.180295,7354790.414871
