SummaryId,SampleType,MeanLoss,SDLoss
1,1,424198.685656,1316514.128585
1,2,416836.657696,1339239.890485
