SummaryId,SampleType,MeanLoss,SDLoss
1,1,28989.962160,136942.679592
1,2,36234.085683,143233.269601
