SummaryID,SampleType,MeanLoss,SDLoss
1,1,235819.239625,594470.164081
1,2,232150.618319,624807.060398
