SummaryID,SampleType,MeanLoss,SDLoss
1,1,28989.962160,136942.679592
1,2,36493.883535,142405.173813
