SummaryID,SampleType,MeanLoss,SDLoss
1,1,28043.524578,132471.900723
1,2,35043.349655,138537.260758
