{
  "location": {
    "cur_version_name": "_csv",
    "sources": {
      "orig": {
        "source_type": "filepath",
        "filepath": "/shared-fs/2d0b150bd5154dcd88004c447e9269c7.parquet",
        "read_param": {}
      },
      "_csv": {
        "source_type": "filepath",
        "filepath": "location.csv",
        "extension": "csv"
      }
    }
  },
  "account": {
    "cur_version_name": "_csv",
    "sources": {
      "orig": {
        "source_type": "filepath",
        "filepath": "/shared-fs/6f3bf6d223cb4bf6a551af42a5dc5618.parquet",
        "read_param": {}
      },
      "_csv": {
        "source_type": "filepath",
        "filepath": "account.csv",
        "extension": "csv"
      }
    }
  },
  "ri_info": {
    "cur_version_name": "_csv",
    "sources": {
      "orig": {
        "source_type": "filepath",
        "filepath": "/shared-fs/a73be9b238bb4a46a42be9cc0114d5f2.parquet",
        "read_param": {}
      },
      "_csv": {
        "source_type": "filepath",
        "filepath": "ri_info.csv",
        "extension": "csv"
      }
    }
  },
  "ri_scope": {
    "cur_version_name": "_csv",
    "sources": {
      "orig": {
        "source_type": "filepath",
        "filepath": "/shared-fs/302489465b384128a502f63c9bdc820b.parquet",
        "read_param": {}
      },
      "_csv": {
        "source_type": "filepath",
        "filepath": "ri_scope.csv",
        "extension": "csv"
      }
    }
  },
  "oed_schema_info": "/home/worker/.local/lib/python3.10/site-packages/ods_tools/data/OpenExposureData_Spec.json"
}