summary_id,type,mean,standard_deviation,exposure_value
1,1,89817116.464740,246304406.890968,2158445824.000000
1,2,89099532.154386,243271482.953280,2158445824.000000
