Warning: Unknown options(s) set in MDK config:
   ktools_alloc_rule_gul : 1
   gulpy : False
   gulmc : True
   modelpy : False

Stating oasislmf command - GenerateOasisFiles
RUNNING: oasislmf.manager.interface

Processing arguments - Creating Oasis Files
Model settings are present at: /home/worker/model/meta-data/model_settings.json

Generating Oasis files (GUL=True, IL=True, RIL=True)
RUNNING: oasislmf.lookup.factory.generate_key_files
COMPLETED: oasislmf.lookup.factory.generate_key_files in 0.07s

Keys successful: /tmp/tmp53mqxvch/keys.csv generated with 40 items
Keys errors: /tmp/tmp53mqxvch/keys-errors.csv generated with 20 items
RUNNING: oasislmf.preparation.gul_inputs.get_gul_input_items
COMPLETED: oasislmf.preparation.gul_inputs.get_gul_input_items in 0.04s
RUNNING: oasislmf.preparation.summaries.write_exposure_summary
RUNNING: oasislmf.preparation.summaries.write_gul_errors_map
RUNNING: oasislmf.preparation.summaries.get_exposure_summary
RUNNING: oasislmf.preparation.summaries.get_exposure_totals
COMPLETED: oasislmf.preparation.summaries.get_exposure_summary in 0.09s
COMPLETED: oasislmf.preparation.summaries.write_exposure_summary in 0.1s
RUNNING: oasislmf.preparation.summaries.write_summary_levels
RUNNING: oasislmf.preparation.gul_inputs.write_gul_input_files
RUNNING: oasislmf.preparation.gul_inputs.write_items_file
RUNNING: oasislmf.preparation.gul_inputs.write_coverages_file
RUNNING: oasislmf.preparation.gul_inputs.write_amplifications_file
RUNNING: oasislmf.preparation.summaries.get_summary_mapping
RUNNING: oasislmf.preparation.summaries.write_mapping_file
RUNNING: oasislmf.preparation.il_inputs.get_il_input_items
COMPLETED: oasislmf.preparation.il_inputs.get_il_input_items in 0.14s
RUNNING: oasislmf.preparation.il_inputs.write_il_input_files
RUNNING: oasislmf.preparation.il_inputs.write_fm_policytc_file
RUNNING: oasislmf.preparation.il_inputs.write_fm_profile_file
RUNNING: oasislmf.preparation.il_inputs.write_fm_programme_file
RUNNING: oasislmf.preparation.il_inputs.write_fm_xref_file
COMPLETED: oasislmf.preparation.il_inputs.write_il_input_files in 0.02s
RUNNING: oasislmf.preparation.summaries.get_summary_mapping
COMPLETED: oasislmf.preparation.summaries.get_summary_mapping in 0.01s
RUNNING: oasislmf.preparation.summaries.write_mapping_file
RUNNING: oasislmf.preparation.reinsurance_layer.write_files_for_reinsurance
COMPLETED: oasislmf.preparation.reinsurance_layer.write_files_for_reinsurance in 0.11s

Oasis files generated: {
    "items": "/tmp/tmp53mqxvch/items.csv",
    "coverages": "/tmp/tmp53mqxvch/coverages.csv",
    "amplifications": "/tmp/tmp53mqxvch/amplifications.csv",
    "fm_policytc": "/tmp/tmp53mqxvch/fm_policytc.csv",
    "fm_profile": "/tmp/tmp53mqxvch/fm_profile.csv",
    "fm_programme": "/tmp/tmp53mqxvch/fm_programme.csv",
    "fm_xref": "/tmp/tmp53mqxvch/fm_xref.csv",
    "ri_layers": "/tmp/tmp53mqxvch/ri_layers.json",
    "RI_1": "/tmp/tmp53mqxvch/RI_1"
}

Generate Files completed successfully in /tmp/tmp53mqxvch
COMPLETED: oasislmf.manager.interface in 0.66s
  0%|          | 0/1 [00:00<?, ?it/s]100%|██████████| 1/1 [00:00<00:00,  1.84it/s]100%|██████████| 1/1 [00:00<00:00,  1.84it/s]
