coverage_id,tiv
1,150000.0
2,37500.0
3,150000.0
4,37500.0
5,150000.0
6,37500.0
7,150000.0
8,37500.0
9,125000.0
10,31250.0
11,125000.0
12,31250.0
13,150000.0
14,37500.0
15,150000.0
16,37500.0
17,150000.0
18,37500.0
19,150000.0
20,37500.0
21,150000.0
22,37500.0
23,150000.0
24,37500.0
25,150000.0
26,37500.0
27,150000.0
28,37500.0
29,150000.0
30,37500.0
31,150000.0
32,37500.0
33,150000.0
34,37500.0
35,150000.0
36,37500.0
37,125000.0
38,31250.0
39,125000.0
40,31250.0
