summary_id,type,mean,standard_deviation,exposure_value
1,1,354335.999313,1649475.544189,10409998.000000
1,2,482053.395006,1621527.417304,10410000.000000
