summary_id,_not_set_,tiv
1,All-Risks,2158406250.0
