summary_id,type,mean,standard_deviation,exposure_value
1,1,11830164.419910,18789086.332616,31505766.000000
1,2,11825890.474445,18773206.804373,31505766.000000
