summary_id,type,mean,standard_deviation,exposure_value
1,1,28989.961652,136942.677511,870000.062500
1,2,31880.184035,133025.302474,870000.187500
