summary_id,sidx,return_period,loss
1,1,1000.000000,870000.187500
1,1,500.000000,870000.125000
1,1,250.000000,870000.125000
1,1,200.000000,870000.125000
1,1,150.000000,870000.062500
1,1,100.000000,869999.937500
1,1,75.000000,818634.000000
1,1,50.000000,673547.125000
1,1,30.000000,360300.375000
1,1,25.000000,328443.125000
1,1,20.000000,234393.578125
1,1,10.000000,60980.722656
1,1,5.000000,0.000000
1,1,2.000000,0.000000
